// Vitest Snapshot v1

exports[`cli > builds uno.css 1`] = `
"/* layer: default */
.max-w-screen-md{max-width:768px;}
.p-4{padding:1rem;}"
`;
