// Vitest Snapshot v1

exports[`emojis > extractor1 1`] = `
Set {
  "[游불=\\"\\"]",
  "[游불=\\"true\\"]",
  "游불",
  "[游불~=\\"1\\"]",
  "[游볳-2=\\"\\"]",
  "[游볳-2=\\"true\\"]",
  "[type~=\\"button\\"]",
}
`;

exports[`emojis > fixture1 1`] = `
"/* layer: default */
.游불,
[游불=\\"\\"],
[游불=\\"true\\"]{color:red;}"
`;
