// Vitest Snapshot v1

exports[`preflights > basic 1`] = `
"/* layer: preflights */
.default-preflight {}
/* layer: custom */
.hello { text: red }"
`;

exports[`preflights > preflight root can be customized with array 1`] = `
"/* layer: preflights */
.scope-1{--un-rotate:0;--un-rotate-x:0;--un-rotate-y:0;--un-rotate-z:0;--un-scale-x:1;--un-scale-y:1;--un-scale-z:1;--un-skew-x:0;--un-skew-y:0;--un-translate-x:0;--un-translate-y:0;--un-translate-z:0;--un-ring-offset-shadow:0 0 rgba(0,0,0,0);--un-ring-shadow:0 0 rgba(0,0,0,0);--un-shadow-inset: ;--un-shadow:0 0 rgba(0,0,0,0);--un-ring-inset: ;--un-ring-offset-width:0px;--un-ring-offset-color:#fff;--un-ring-width:0px;--un-ring-color:rgba(147,197,253,0.5);}[data-scope-2]{--un-rotate:0;--un-rotate-x:0;--un-rotate-y:0;--un-rotate-z:0;--un-scale-x:1;--un-scale-y:1;--un-scale-z:1;--un-skew-x:0;--un-skew-y:0;--un-translate-x:0;--un-translate-y:0;--un-translate-z:0;--un-ring-offset-shadow:0 0 rgba(0,0,0,0);--un-ring-shadow:0 0 rgba(0,0,0,0);--un-shadow-inset: ;--un-shadow:0 0 rgba(0,0,0,0);--un-ring-inset: ;--un-ring-offset-width:0px;--un-ring-offset-color:#fff;--un-ring-width:0px;--un-ring-color:rgba(147,197,253,0.5);}"
`;

exports[`preflights > preflight root can be customized with string 1`] = `
"/* layer: preflights */
:root{--un-rotate:0;--un-rotate-x:0;--un-rotate-y:0;--un-rotate-z:0;--un-scale-x:1;--un-scale-y:1;--un-scale-z:1;--un-skew-x:0;--un-skew-y:0;--un-translate-x:0;--un-translate-y:0;--un-translate-z:0;--un-ring-offset-shadow:0 0 rgba(0,0,0,0);--un-ring-shadow:0 0 rgba(0,0,0,0);--un-shadow-inset: ;--un-shadow:0 0 rgba(0,0,0,0);--un-ring-inset: ;--un-ring-offset-width:0px;--un-ring-offset-color:#fff;--un-ring-width:0px;--un-ring-color:rgba(147,197,253,0.5);}"
`;
