// Jest Snapshot v1, https://goo.gl/fbAQLP

exports[`targets 1`] = `
".\\\\!p-5px{padding:5px !important;}
.hover\\\\:\\\\!p-10:hover{padding:2.5rem !important;}
.hover\\\\:p-4:hover{padding:1rem;}
.p-2,.p2{padding:0.5rem;}
.\\\\!hover\\\\:px-10:hover{padding-left:2.5rem !important;padding-right:2.5rem !important;}
.pl-10px{padding-left:10px;}
.pt-2,.p-t-2,.pt2{padding-top:0.5rem;}
.m-\\\\[3em\\\\]{margin:3em;}
.m-0{margin:0rem;}
.m-1\\\\/2{margin:50%;}
.children\\\\:m-auto > *,.all\\\\:m-auto *,.-m-auto,.m-auto{margin:auto;}
.my-auto{margin-top:auto;margin-bottom:auto;}
.mt-\\\\[-10\\\\.2\\\\%\\\\]{margin-top:-10.2%;}
.op-10{opacity:0.1;}
.opacity-0{opacity:0;}
.bg-\\\\[\\\\#1533\\\\]{background-color:rgba(17,85,51,0.2);}
.bg-\\\\[\\\\#153\\\\]\\\\/10,.bg-\\\\[\\\\#1533\\\\]\\\\/10{background-color:rgba(17,85,51,0.1);}
.bg-\\\\#452233\\\\/40,.bg-hex-452233\\\\/40{background-color:rgba(69,34,51,0.4);}
.bg-red-100{--un-bg-opacity:1;background-color:rgba(254,226,226,var(--un-bg-opacity));}
.bg-teal-100\\\\/55{background-color:rgba(204,251,241,0.55);}
.bg-teal-200\\\\:55{background-color:rgba(153,246,228,0.55);}
.bg-teal-300\\\\:\\\\[\\\\.55\\\\]{background-color:rgba(94,234,212,0.55);}
.bg-teal-400\\\\/\\\\[\\\\.55\\\\]{background-color:rgba(45,212,191,0.55);}
.bg-teal-500\\\\/\\\\[55\\\\%\\\\]{background-color:rgba(20,184,166,55%);}
.hover\\\\:not-first\\\\:checked\\\\:bg-red\\\\/10:hover:not(:first-child):checked{background-color:rgba(248,113,113,0.1);}
.bg-opacity-45{--un-bg-opacity:0.45;}
.border{border-width:1px;border-style:solid;}
.border-2{border-width:2px;border-style:solid;}
.border-b{border-bottom-width:1px;border-style:solid;}
.border-t-2{border-top-width:2px;border-style:solid;}
.border-green-100\\\\/10{border-color:rgba(220,252,231,0.1);}
.rounded{border-radius:0.25rem;}
.rounded-\\\\[4px\\\\]{border-radius:4px;}
.rounded-1\\\\/2{border-radius:50%;}
.rounded-full{border-radius:9999px;}
.rounded-md{border-radius:0.375rem;}
.rounded-rb-1\\\\/2{border-bottom-right-radius:50%;}
.rounded-t-sm{border-top-left-radius:0.125rem;border-top-right-radius:0.125rem;}
.rounded-tr{border-top-right-radius:0.25rem;}
.font-mono{font-family:ui-monospace,SFMono-Regular,Menlo,Monaco,Consolas,\\"Liberation Mono\\",\\"Courier New\\",monospace;}
.dark .dark\\\\:text-xl{font-size:1.25rem;line-height:1.75rem;}
.light .light\\\\:text-sm{font-size:0.875rem;line-height:1.25rem;}
.text-4xl{font-size:2.25rem;line-height:2.5rem;}
.text-base{font-size:1rem;line-height:1.5rem;}
.text-lg{font-size:1.125rem;line-height:1.75rem;}
.dark .dark\\\\:not-odd\\\\:text-red:not(:nth-child(odd)){--un-text-opacity:1;color:rgba(248,113,113,var(--un-text-opacity));}
.text-\\\\[\\\\#124\\\\]{--un-text-opacity:1;color:rgba(17,34,68,var(--un-text-opacity));}
.text-black\\\\/10{color:rgba(0,0,0,0.1);}
.text-blue{--un-text-opacity:1;color:rgba(96,165,250,var(--un-text-opacity));}
.text-red-200\\\\/10{color:rgba(254,202,202,0.1);}
.text-red-300\\\\/20{color:rgba(252,165,165,0.2);}
.text-red-100,.text-red100{--un-text-opacity:1;color:rgba(254,226,226,var(--un-text-opacity));}
.text-red2{--un-text-opacity:1;color:rgba(254,202,202,var(--un-text-opacity));}
.text-opacity-\\\\[13\\\\.3333333\\\\%\\\\]{--un-text-opacity:13.3333333%;}
.shadow{--un-shadow:0px 0px 1px rgb(0 0 0 / 20%), 0px 0px 1px rgb(1 0 5 / 10%);-webkit-box-shadow:var(--un-ring-offset-shadow, 0 0 #0000), var(--un-ring-shadow, 0 0 #0000), var(--un-shadow);box-shadow:var(--un-ring-offset-shadow, 0 0 #0000), var(--un-ring-shadow, 0 0 #0000), var(--un-shadow);}
.shadow-xl{--un-shadow:1px 1px 3px rgb(0 0 0 / 29%), 2px 4px 7px rgb(73 64 125 / 35%);-webkit-box-shadow:var(--un-ring-offset-shadow, 0 0 #0000), var(--un-ring-shadow, 0 0 #0000), var(--un-shadow);box-shadow:var(--un-ring-offset-shadow, 0 0 #0000), var(--un-ring-shadow, 0 0 #0000), var(--un-shadow);}
.ring{--un-ring-inset:var(--un-empty, );--un-ring-offset-width:0px;--un-ring-offset-color:#fff;--un-ring-color:rgba(59, 130, 246, .5);--un-ring-offset-shadow:var(--un-ring-inset) 0 0 0 var(--un-ring-offset-width) var(--un-ring-offset-color);--un-ring-shadow:var(--un-ring-inset) 0 0 0 calc(1px + var(--un-ring-offset-width)) var(--un-ring-color);-webkit-box-shadow:var(--un-ring-offset-shadow), var(--un-ring-shadow), var(--un-shadow, 0 0 #0000);;box-shadow:var(--un-ring-offset-shadow), var(--un-ring-shadow), var(--un-shadow, 0 0 #0000);;}
.ring-10{--un-ring-inset:var(--un-empty, );--un-ring-offset-width:0px;--un-ring-offset-color:#fff;--un-ring-color:rgba(59, 130, 246, .5);--un-ring-offset-shadow:var(--un-ring-inset) 0 0 0 var(--un-ring-offset-width) var(--un-ring-offset-color);--un-ring-shadow:var(--un-ring-inset) 0 0 0 calc(10px + var(--un-ring-offset-width)) var(--un-ring-color);-webkit-box-shadow:var(--un-ring-offset-shadow), var(--un-ring-shadow), var(--un-shadow, 0 0 #0000);;box-shadow:var(--un-ring-offset-shadow), var(--un-ring-shadow), var(--un-shadow, 0 0 #0000);;}
.ring-offset-4{--un-ring-offset-width:4px;}
.ring-red2{--un-ring-opacity:1;--un-ring-color:rgba(254,202,202,var(--un-ring-opacity));}
.ring-offset-green5{--un-ring-offset-opacity:1;--un-ring-offset-color:rgba(34,197,94,var(--un-ring-offset-opacity));}
.flex-\\\\[hi\\\\]{flex:hi;}
.flex{display:flex;}
.grid{display:grid;}
.grid-cols-2{grid-template-columns:repeat(2, minmax(0, 1fr));}
.grid-rows-3{grid-template-rows:repeat(3, minmax(0, 1fr));}
.grid-cols-\\\\[1fr\\\\2c 2fr\\\\2c 100px\\\\2c min-content\\\\]{grid-template-columns:1fr 2fr 100px min-content;}
.grid-rows-\\\\[1fr\\\\2c 2fr\\\\2c 100px\\\\2c min-content\\\\]{grid-template-rows:1fr 2fr 100px min-content;}
.auto-flow-cols-dense{grid-auto-flow:columns dense;}
.row-start-full{grid-row-start:full;}
.row-end-1{grid-row-end:1;}
.auto-rows-auto{grid-auto-rows:auto;}
.auto-rows-fr{grid-auto-rows:minmax(0, 1fr);}
.auto-rows-min{grid-auto-rows:min-content;}
.auto-cols-auto{grid-auto-columns:auto;}
.row-auto{grid-row:auto;}
.row-span-full{grid-row:1 / -1;}
.col-span-1{grid-column:span 1 / span 1;}
.gap-4{grid-gap:1rem;gap:1rem;}
.gap-x-1{grid-column-gap:0.25rem;column-gap:0.25rem;}
.-gap-y-5{grid-row-gap:-1.25rem;row-gap:-1.25rem;}
.w-1\\\\/2{width:50%;}
.h-1{height:0.25rem;}
.max-h-\\\\[1px\\\\]{max-height:1px;}
.tracking-wide{letter-spacing:0.025em;}
.leading-2{line-height:0.5rem;}
.overflow-auto{overflow:auto;}
.overflow-x-scroll{overflow-x:scroll;}
.order-first{order:-9999;}
.top-0{top:0rem;}
.inset-x-5{left:1.25rem;right:1.25rem;}
.z-1{z-index:1;}
.z-100{z-index:100;}
.transition{transition-property:background-color, border-color, color, fill, stroke, opacity, box-shadow, transform, filter, backdrop-filter;transition-timing-function:cubic-bezier(0.4, 0, 0.2, 1);transition-duration:150ms;}
.transition-200{transition-property:background-color, border-color, color, fill, stroke, opacity, box-shadow, transform, filter, backdrop-filter;transition-timing-function:cubic-bezier(0.4, 0, 0.2, 1);transition-duration:200ms;}
.duration-111{transition-duration:111ms;}
.filter{--un-blur:var(--un-empty,/*!*/ /*!*/);--un-brightness:var(--un-empty,/*!*/ /*!*/);--un-contrast:var(--un-empty,/*!*/ /*!*/);--un-grayscale:var(--un-empty,/*!*/ /*!*/);--un-hue-rotate:var(--un-empty,/*!*/ /*!*/);--un-invert:var(--un-empty,/*!*/ /*!*/);--un-saturate:var(--un-empty,/*!*/ /*!*/);--un-sepia:var(--un-empty,/*!*/ /*!*/);--un-drop-shadow:var(--un-empty,/*!*/ /*!*/);filter:var(--un-blur) var(--un-brightness) var(--un-contrast) var(--un-grayscale) var(--un-hue-rotate) var(--un-invert) var(--un-saturate) var(--un-sepia) var(--un-drop-shadow);}
.blur-4{--un-blur:blur(4px);filter:var(--un-blur) var(--un-brightness) var(--un-contrast) var(--un-grayscale) var(--un-hue-rotate) var(--un-invert) var(--un-saturate) var(--un-sepia) var(--un-drop-shadow);}
.invert{--un-invert:invert(100%);}
.translate-y-1\\\\/4{--un-translate-y:25%;}
@media (min-width: 768px){
.md\\\\:m-1{margin:0.25rem;}
.md\\\\:\\\\!hidden{display:none !important;}
}
@media (min-width: 640px){
.sm\\\\:m-1,.sm\\\\:m1{margin:0.25rem;}
}
@media (max-width: 640px){
.lt-sm\\\\:m1{margin:0.25rem;}
}
@media (max-width: 1024px){
.lt-lg\\\\:m2{margin:0.5rem;}
}"
`;
