// Vitest Snapshot v1, https://vitest.dev/guide/snapshot.html

exports[`preset-arbitrary > targets 1`] = `
"/* layer: preflights */
*,::before,::after{--un-rotate:0;--un-rotate-x:0;--un-rotate-y:0;--un-rotate-z:0;--un-scale-x:1;--un-scale-y:1;--un-scale-z:1;--un-skew-x:0;--un-skew-y:0;--un-translate-x:0;--un-translate-y:0;--un-translate-z:0;--un-pan-x: ;--un-pan-y: ;--un-pinch-zoom: ;--un-scroll-snap-strictness:proximity;--un-ordinal: ;--un-slashed-zero: ;--un-numeric-figure: ;--un-numeric-spacing: ;--un-numeric-fraction: ;--un-border-spacing-x:0;--un-border-spacing-y:0;--un-ring-offset-shadow:0 0 rgba(0,0,0,0);--un-ring-shadow:0 0 rgba(0,0,0,0);--un-shadow-inset: ;--un-shadow:0 0 rgba(0,0,0,0);--un-ring-inset: ;--un-ring-offset-width:0px;--un-ring-offset-color:#fff;--un-ring-width:0px;--un-ring-color:rgba(147,197,253,0.5);--un-blur: ;--un-brightness: ;--un-contrast: ;--un-drop-shadow: ;--un-grayscale: ;--un-hue-rotate: ;--un-invert: ;--un-saturate: ;--un-sepia: ;--un-backdrop-blur: ;--un-backdrop-brightness: ;--un-backdrop-contrast: ;--un-backdrop-grayscale: ;--un-backdrop-hue-rotate: ;--un-backdrop-invert: ;--un-backdrop-opacity: ;--un-backdrop-saturate: ;--un-backdrop-sepia: ;}::backdrop{--un-rotate:0;--un-rotate-x:0;--un-rotate-y:0;--un-rotate-z:0;--un-scale-x:1;--un-scale-y:1;--un-scale-z:1;--un-skew-x:0;--un-skew-y:0;--un-translate-x:0;--un-translate-y:0;--un-translate-z:0;--un-pan-x: ;--un-pan-y: ;--un-pinch-zoom: ;--un-scroll-snap-strictness:proximity;--un-ordinal: ;--un-slashed-zero: ;--un-numeric-figure: ;--un-numeric-spacing: ;--un-numeric-fraction: ;--un-border-spacing-x:0;--un-border-spacing-y:0;--un-ring-offset-shadow:0 0 rgba(0,0,0,0);--un-ring-shadow:0 0 rgba(0,0,0,0);--un-shadow-inset: ;--un-shadow:0 0 rgba(0,0,0,0);--un-ring-inset: ;--un-ring-offset-width:0px;--un-ring-offset-color:#fff;--un-ring-width:0px;--un-ring-color:rgba(147,197,253,0.5);--un-blur: ;--un-brightness: ;--un-contrast: ;--un-drop-shadow: ;--un-grayscale: ;--un-hue-rotate: ;--un-invert: ;--un-saturate: ;--un-sepia: ;--un-backdrop-blur: ;--un-backdrop-brightness: ;--un-backdrop-contrast: ;--un-backdrop-grayscale: ;--un-backdrop-hue-rotate: ;--un-backdrop-invert: ;--un-backdrop-opacity: ;--un-backdrop-saturate: ;--un-backdrop-sepia: ;}
/* layer: default */
.\\\\[--css-variable\\\\:\\\\\\"wght\\\\\\"_400\\\\,_\\\\\\"opsz\\\\\\"_14\\\\]{--css-variable:\\"wght\\" 400, \\"opsz\\" 14;}
.\\\\[--escaped\\\\\\\\\\\\~variable\\\\\\\\\\\\:\\\\:100\\\\%\\\\]{--escaped\\\\~variable\\\\::100%;}
.\\\\[a\\\\:b\\\\]{a:b;}
.\\\\[background-image\\\\:url\\\\(star_transparent\\\\.gif\\\\)\\\\,_url\\\\(cat_front\\\\.png\\\\)\\\\]{background-image:url(star_transparent.gif), url(cat_front.png);}
.\\\\[content\\\\:attr\\\\(attr_content\\\\)\\\\]{content:attr(attr content);}
.\\\\[content\\\\:attr\\\\(attr\\\\\\\\_content\\\\)\\\\]{content:attr(attr_content);}
.\\\\[font-family\\\\:\\\\'Inter\\\\'\\\\,_sans-serif\\\\]{font-family:'Inter', sans-serif;}
.\\\\[font-family\\\\:var\\\\(--font-family\\\\)\\\\]{font-family:var(--font-family);}
.\\\\[font-feature-settings\\\\:\\\\'cv02\\\\'\\\\,\\\\'cv03\\\\'\\\\,\\\\'cv04\\\\'\\\\,\\\\'cv11\\\\'\\\\]{font-feature-settings:'cv02','cv03','cv04','cv11';}
.\\\\[font-variation-settings\\\\:\\\\\\"wght\\\\\\"_400\\\\,_\\\\\\"opsz\\\\\\"_14\\\\]{font-variation-settings:\\"wght\\" 400, \\"opsz\\" 14;}
.\\\\[margin\\\\:logical_1rem_2rem_3rem\\\\]{margin:logical 1rem 2rem 3rem;}
.\\\\[\\\\&_\\\\&\\\\]\\\\:m-13 .\\\\[\\\\&_\\\\&\\\\]\\\\:m-13{margin:3.25rem;}
.\\\\[\\\\&\\\\:nth-child\\\\(2\\\\)\\\\]\\\\:m-10:nth-child(2){margin:2.5rem;}
.\\\\[\\\\&\\\\[open\\\\]\\\\:readonly\\\\]\\\\:m-16[open]:readonly{margin:4rem;}
.\\\\[\\\\&\\\\[open\\\\]\\\\]\\\\:m-14[open]{margin:3.5rem;}
.\\\\[\\\\&\\\\[readonly\\\\]\\\\[disabled\\\\]\\\\]\\\\:m-15[readonly][disabled]{margin:3.75rem;}
.\\\\[\\\\&\\\\>\\\\*\\\\]\\\\:m-11>*{margin:2.75rem;}
*[open]:readonly .\\\\[\\\\*\\\\[open\\\\]\\\\:readonly_\\\\&\\\\]\\\\:\\\\[\\\\&\\\\[open\\\\]\\\\:disabled\\\\]\\\\:m-17[open]:disabled{margin:4.25rem;}
*>.\\\\[\\\\*\\\\>\\\\&\\\\]\\\\:m-12{margin:3rem;}
.\\\\[\\\\&\\\\[data-active\\\\=\\\\\\"true\\\\\\"\\\\]\\\\]\\\\:bg-red[data-active=\\"true\\"]{--un-bg-opacity:1;background-color:rgba(248,113,113,var(--un-bg-opacity));}
.before\\\\:\\\\[\\\\&\\\\[data-active\\\\=\\\\'true\\\\'\\\\]\\\\]\\\\:content-\\\\[\\\\'test\\\\'\\\\][data-active='true']::before{content:'test';}
.content-\\\\[\\\\'quoted_with_space\\\\'\\\\]{content:'quoted with space';}
.content-\\\\[\\\\'quoted1\\\\'\\\\]{content:'quoted1';}
.content-\\\\[\\\\\\"quoted2\\\\\\"\\\\]{content:\\"quoted2\\";}
@media (hover: hover) and (pointer: fine){
[open] .\\\\@hover\\\\:\\\\[\\\\[open\\\\]_\\\\&\\\\]\\\\:text-blue:hover{--un-text-opacity:1;color:rgba(96,165,250,var(--un-text-opacity));}
}
@supports(display:grid){
.\\\\[\\\\@supports\\\\(display\\\\:grid\\\\)\\\\]\\\\:bg-red\\\\/33{background-color:rgba(248,113,113,0.33);}
*+.\\\\[\\\\@supports\\\\(display\\\\:grid\\\\)\\\\]\\\\:\\\\[\\\\*\\\\+\\\\&\\\\]\\\\:bg-red\\\\/34{background-color:rgba(248,113,113,0.34);}
}"
`;
