// Vitest Snapshot v1

exports[`preset-glyphs > fixture1 1`] = `
"/* layer: glyphs */
.g-rondure-uno{font-family:rondure-0;}
.hover\\\\:g-rondure-cs:hover{font-family:rondure-1;}
@font-face{font-family:rondure-0;src:url(data:application/x-font-ttf;charset=utf-8;base64,AAEAAAAKAIAAAwAgT1MvMmhseMoAAACsAAAAYGNtYXABkQIkAAABDAAAAUpnbHlmN2SfOAAAAlgAAAHgaGVhZBKfMWEAAAQ4AAAANmhoZWEHCgK/AAAEcAAAACRobXR4BLAAVAAABJQAAAAMbG9jYQGIASAAAASgAAAACm1heHAAewBoAAAErAAAACBuYW1l9vVWaQAABMwAAANDcG9zdABkAIgAAAgQAAAAKgAEAqMBkAAFAAgCigJYAAAASwKKAlgAAAFeADIBLAAAAAAFAAAAAAAAAAAAAAEQAAAAAAAAAAAAAABVS1dOAEAAbgB1AyD/nAEsBEwAZAAAAAEAAAAAAfQCvAAAACAAAAAAAAMAAAADAAAAHAABAAAAAABEAAMAAQAAABwABAAoAAAABgAEAAEAAgBvAHX//wAAAG4Adf///5P/jgABAAAAAAAAAAABBgAAAAAAAAAAAAAAAAAAAAAAAAAAAAAAAAAAAAAAAAAAAAAAAAAAAAAAAAAAAAAAAAAAAAAAAAAAAAAAAAAAAAAAAAAAAAAAAAAAAAAAAAAAAAAAAAAAAAAAAAAAAAAAAAAAAAAAAAAAAAAAAAAAAAABAgAAAAAAAwAAAAAAAAAAAAAAAAAAAAAAAAAAAAAAAAAAAAAAAAAAAAAAAAAAAAAAAAAAAAAAAAAAAAAAAAAAAAAAAAAAAAAAAAAAAAAAAAAAAAAAAAAAAAAAAAAAAAAAAAAAAAAAAAAAAAAAAAAAAAAAAAAAAAAAAAAAAAAAAAAAAAAAAAAAAAAAAAAAAAAAAAAAAAoAVP+cAXEDIAADAAcACwAXAB0AJwArADEAPQBIAAAFIREhAxUzNQcjNTMnFTM1MxUjNSMVMzUnFSMVMzUnFTMVIxUzNTM1JyM1MycVMzUjNScVMxUjFTM1IzUzNQMVMwcVMzUjNzM1AXH+4wEd25YeWlo8Hh5aHpYeeJaWPDxaPFoeHjyWPFk7PJY8PJY/P5ZcPx1kA4T9mmVlSCu5MhQqSGZmbjweWjYeIR4/HjcgH14fP3QeIR4eIR79XB4qHh4qHgABAAAAAAK8ArwAIQAAAC4BIyIGBycuASMiDgEHFREUHgEzMjY3Fx4BMzI+ATc1EQK8L1EvOFoSNhhFJy9PMAEvUDA3WRM3GUQmL1AwAQI9UC9AMjUcIC5OLgX+pC9RLz8yNxwfLk8vAwFeAAACAAAAAAK8ArwAEQAVAAAAHgEVERQOASMiLgE1ETQ+ATMXIxEzAb2hXl6hX1+hXl6hXwsWFgK8L1Aw/qIwUC8vUDABXjBQL7v+ugAAAQAAAAACvAK8ACAAAAAuASMiBw4BHQE0JicmIyIOAR0BFB4BFxYzMjc+Aj0BArwvUS8nIy43OS4jJTBQLz9xRzA3NDVHbz8CPVAvEBVWNAE1VRUQL1Evr02JYhYPEBZiiE2wAAEAAAABAEIzaTAKXw889QADA+gAAAAA2GLkJwAAAADYaQlYAAD/nAK8AyAAAAAHAAIAAAAAAAAAAQAABEz/nAAAAu4AAAAyArwAAQAAAAAAAAAAAAAAAAAAAAIBwgBUAu4AAAAAAAAAAABiAJgAvgDwAAAAAQAAAAQASQAKAAAAAAABAAIAHgAGAAAAZAAAAAAAAAAAABQA9gABAAAAAAAAADYAAAABAAAAAAABAAcANgABAAAAAAACAAcAPQABAAAAAAADABoARAABAAAAAAAEAA8AXgABAAAAAAAFAA0AbQABAAAAAAAGAA8AegABAAAAAAAIAAsAiQABAAAAAAAJAAsAlAABAAAAAAAMACYAnwADAAEECQAAAGoAxQADAAEECQABAA4BLwADAAEECQACAA4BPQADAAEECQADADQBSwADAAEECQAEAB4BfwADAAEECQAFABoBnQADAAEECQAGAB4BtwADAAEECQAIABYB1QADAAEECQAJABYB6wADAAEECQAMAEwCAUNvcHlyaWdodCDCqSAyMDE5IGJ5IFJ1YXJpIFNtaXRoLiBBbGwgcmlnaHRzIHJlc2VydmVkLlJvbmR1cmVSZWd1bGFyMS4wMDE7VUtXTjtSb25kdXJlLVJlZ3VsYXJSb25kdXJlIFJlZ3VsYXJWZXJzaW9uIDEuMDAxUm9uZHVyZS1SZWd1bGFyUnVhcmkgU21pdGhSdWFyaSBTbWl0aGh0dHBzOi8vd3d3LmJlaGFuY2UubmV0L3J1YXJpd21zbWljZDljAEMAbwBwAHkAcgBpAGcAaAB0ACAAqQAgADIAMAAxADkAIABiAHkAIABSAHUAYQByAGkAIABTAG0AaQB0AGgALgAgAEEAbABsACAAcgBpAGcAaAB0AHMAIAByAGUAcwBlAHIAdgBlAGQALgBSAG8AbgBkAHUAcgBlAFIAZQBnAHUAbABhAHIAMQAuADAAMAAxADsAVQBLAFcATgA7AFIAbwBuAGQAdQByAGUALQBSAGUAZwB1AGwAYQByAFIAbwBuAGQAdQByAGUAIABSAGUAZwB1AGwAYQByAFYAZQByAHMAaQBvAG4AIAAxAC4AMAAwADEAUgBvAG4AZAB1AHIAZQAtAFIAZQBnAHUAbABhAHIAUgB1AGEAcgBpACAAUwBtAGkAdABoAFIAdQBhAHIAaQAgAFMAbQBpAHQAaABoAHQAdABwAHMAOgAvAC8AdwB3AHcALgBiAGUAaABhAG4AYwBlAC4AbgBlAHQALwByAHUAYQByAGkAdwBtAHMAbQBpAGMAZAA5AGMAAAIAAAAAAAD/tQAyAAAAAAAAAAAAAAAAAAAAAAAAAAQABAAAAFEAUgBYAAA=) format(\\"truetype\\");}
@font-face{font-family:rondure-1;src:url(data:application/x-font-ttf;charset=utf-8;base64,AAEAAAAKAIAAAwAgT1MvMmhheK8AAACsAAAAYGNtYXAAmQILAAABDAAAAUpnbHlmps0vqwAAAlgAAAGAaGVhZBKfMWEAAAPYAAAANmhoZWEHCgK/AAAEEAAAACRobXR4BLAAVAAABDQAAAAKbG9jYQCKASIAAARAAAAACG1heHAAegBoAAAESAAAACBuYW1l9vVWaQAABGgAAANDcG9zdAAAAIsAAAesAAAAKAAEAooBkAAFAAgCigJYAAAASwKKAlgAAAFeADIBLAAAAAAFAAAAAAAAAAAAAAEQAAAAAAAAAAAAAABVS1dOAEAAYwBzAyD/nAEsBEwAZAAAAAEAAAAAAfQCvAAAACAAAAAAAAMAAAADAAAAHAABAAAAAABEAAMAAQAAABwABAAoAAAABgAEAAEAAgBjAHP//wAAAGMAc////57/jwABAAAAAAAAAAABBgAAAAAAAAAAAAAAAAAAAAAAAAAAAAAAAAAAAAAAAAAAAAAAAAAAAAAAAAAAAAAAAAAAAAAAAAAAAAAAAAAAAAAAAAAAAAAAAAAAAAAAAAAAAAAAAAAAAAAAAAAAAAAAAAAAAAAAAQAAAAAAAAAAAAAAAAAAAAIAAAAAAAAAAAAAAAAAAAAAAAAAAAAAAAAAAAAAAAAAAAAAAAAAAAAAAAAAAAAAAAAAAAAAAAAAAAAAAAAAAAAAAAAAAAAAAAAAAAAAAAAAAAAAAAAAAAAAAAAAAAAAAAAAAAAAAAAAAAAAAAAAAAAAAAAAAAAAAAAAAAAAAAAAAAAAAAAAAAAAAAAAAAAAAAoAVP+cAXEDIAADAAcACwAXAB0AJwArADEAPQBIAAAFIREhAxUzNQcjNTMnFTM1MxUjNSMVMzUnFSMVMzUnFTMVIxUzNTM1JyM1MycVMzUjNScVMxUjFTM1IzUzNQMVMwcVMzUjNzM1AXH+4wEd25YeWlo8Hh5aHpYeeJaWPDxaPFoeHjyWPFk7PJY8PJY/P5ZcPx1kA4T9mmVlSCu5MhQqSGZmbjweWjYeIR4/HjcgH14fP3QeIR4eIR79XB4qHh4qHgABAAAAAAK8ArwAGQAAJC4BIzI+ATU0LgErASIOARUUHgE7ATI+ATUCvC9QMDBQLy9QMK9foV5eoV+vMFAv31AvL1AwMFAvXqFfX6FeL1AwAAEAAAAAArwCvAAjAAAALgEjMzI+ATU0LgEjISIOARUUHgEXIyIOARUUHgEzITI+ATUCvDhhOUYmQCYmQCb+ojlhODNZNTUmQCYmQCYBXjlhOAELYTglQSYmQCY4YTk3XToEJUEmJkAmOGE5AAEAAAABAEJZZBKUXw889QADA+gAAAAA2GLkJwAAAADYaQlYAAD/nAK8AyAAAAAHAAIAAAAAAAAAAQAABEz/nAAAAu4AAAAyArwAAQAAAAAAAAAAAAAAAAAAAAIBwgBUAu4AAAAAAAAAAABiAIoAwAABAAAAAwBJAAoAAAAAAAEAAgAeAAYAAABkAAAAAAAAAAAAFAD2AAEAAAAAAAAANgAAAAEAAAAAAAEABwA2AAEAAAAAAAIABwA9AAEAAAAAAAMAGgBEAAEAAAAAAAQADwBeAAEAAAAAAAUADQBtAAEAAAAAAAYADwB6AAEAAAAAAAgACwCJAAEAAAAAAAkACwCUAAEAAAAAAAwAJgCfAAMAAQQJAAAAagDFAAMAAQQJAAEADgEvAAMAAQQJAAIADgE9AAMAAQQJAAMANAFLAAMAAQQJAAQAHgF/AAMAAQQJAAUAGgGdAAMAAQQJAAYAHgG3AAMAAQQJAAgAFgHVAAMAAQQJAAkAFgHrAAMAAQQJAAwATAIBQ29weXJpZ2h0IMKpIDIwMTkgYnkgUnVhcmkgU21pdGguIEFsbCByaWdodHMgcmVzZXJ2ZWQuUm9uZHVyZVJlZ3VsYXIxLjAwMTtVS1dOO1JvbmR1cmUtUmVndWxhclJvbmR1cmUgUmVndWxhclZlcnNpb24gMS4wMDFSb25kdXJlLVJlZ3VsYXJSdWFyaSBTbWl0aFJ1YXJpIFNtaXRoaHR0cHM6Ly93d3cuYmVoYW5jZS5uZXQvcnVhcml3bXNtaWNkOWMAQwBvAHAAeQByAGkAZwBoAHQAIACpACAAMgAwADEAOQAgAGIAeQAgAFIAdQBhAHIAaQAgAFMAbQBpAHQAaAAuACAAQQBsAGwAIAByAGkAZwBoAHQAcwAgAHIAZQBzAGUAcgB2AGUAZAAuAFIAbwBuAGQAdQByAGUAUgBlAGcAdQBsAGEAcgAxAC4AMAAwADEAOwBVAEsAVwBOADsAUgBvAG4AZAB1AHIAZQAtAFIAZQBnAHUAbABhAHIAUgBvAG4AZAB1AHIAZQAgAFIAZQBnAHUAbABhAHIAVgBlAHIAcwBpAG8AbgAgADEALgAwADAAMQBSAG8AbgBkAHUAcgBlAC0AUgBlAGcAdQBsAGEAcgBSAHUAYQByAGkAIABTAG0AaQB0AGgAUgB1AGEAcgBpACAAUwBtAGkAdABoAGgAdAB0AHAAcwA6AC8ALwB3AHcAdwAuAGIAZQBoAGEAbgBjAGUALgBuAGUAdAAvAHIAdQBhAHIAaQB3AG0AcwBtAGkAYwBkADkAYwAAAgAAAAAAAP+1ADIAAAAAAAAAAAAAAAAAAAAAAAAAAwADAAAARgBW) format(\\"truetype\\");}"
`;
