// Vitest Snapshot v1

exports[`runtime auto prefixer > runtime tagify 1`] = `
"/* layer: preflights */
*,::before,::after{--un-rotate:0;--un-rotate-x:0;--un-rotate-y:0;--un-rotate-z:0;--un-scale-x:1;--un-scale-y:1;--un-scale-z:1;--un-skew-x:0;--un-skew-y:0;--un-translate-x:0;--un-translate-y:0;--un-translate-z:0;--un-pan-x:var(--un-empty,/*!*/ /*!*/);--un-pan-y:var(--un-empty,/*!*/ /*!*/);--un-pinch-zoom:var(--un-empty,/*!*/ /*!*/);--un-scroll-snap-strictness:proximity;--un-ordinal:var(--un-empty,/*!*/ /*!*/);--un-slashed-zero:var(--un-empty,/*!*/ /*!*/);--un-numeric-figure:var(--un-empty,/*!*/ /*!*/);--un-numeric-spacing:var(--un-empty,/*!*/ /*!*/);--un-numeric-fraction:var(--un-empty,/*!*/ /*!*/);--un-border-spacing-x:0;--un-border-spacing-y:0;--un-ring-offset-shadow:0 0 #0000;--un-ring-shadow:0 0 #0000;--un-shadow-inset:var(--un-empty,/*!*/ /*!*/);--un-shadow:0 0 #0000;--un-ring-inset:var(--un-empty,/*!*/ /*!*/);--un-ring-offset-width:0px;--un-ring-offset-color:#fff;--un-ring-width:0px;--un-ring-color:rgba(147,197,253,0.5);--un-blur:var(--un-empty,/*!*/ /*!*/);--un-brightness:var(--un-empty,/*!*/ /*!*/);--un-contrast:var(--un-empty,/*!*/ /*!*/);--un-drop-shadow:var(--un-empty,/*!*/ /*!*/);--un-grayscale:var(--un-empty,/*!*/ /*!*/);--un-hue-rotate:var(--un-empty,/*!*/ /*!*/);--un-invert:var(--un-empty,/*!*/ /*!*/);--un-saturate:var(--un-empty,/*!*/ /*!*/);--un-sepia:var(--un-empty,/*!*/ /*!*/);--un-backdrop-blur:var(--un-empty,/*!*/ /*!*/);--un-backdrop-brightness:var(--un-empty,/*!*/ /*!*/);--un-backdrop-contrast:var(--un-empty,/*!*/ /*!*/);--un-backdrop-grayscale:var(--un-empty,/*!*/ /*!*/);--un-backdrop-hue-rotate:var(--un-empty,/*!*/ /*!*/);--un-backdrop-invert:var(--un-empty,/*!*/ /*!*/);--un-backdrop-opacity:var(--un-empty,/*!*/ /*!*/);--un-backdrop-saturate:var(--un-empty,/*!*/ /*!*/);--un-backdrop-sepia:var(--un-empty,/*!*/ /*!*/);}::backdrop{--un-rotate:0;--un-rotate-x:0;--un-rotate-y:0;--un-rotate-z:0;--un-scale-x:1;--un-scale-y:1;--un-scale-z:1;--un-skew-x:0;--un-skew-y:0;--un-translate-x:0;--un-translate-y:0;--un-translate-z:0;--un-pan-x:var(--un-empty,/*!*/ /*!*/);--un-pan-y:var(--un-empty,/*!*/ /*!*/);--un-pinch-zoom:var(--un-empty,/*!*/ /*!*/);--un-scroll-snap-strictness:proximity;--un-ordinal:var(--un-empty,/*!*/ /*!*/);--un-slashed-zero:var(--un-empty,/*!*/ /*!*/);--un-numeric-figure:var(--un-empty,/*!*/ /*!*/);--un-numeric-spacing:var(--un-empty,/*!*/ /*!*/);--un-numeric-fraction:var(--un-empty,/*!*/ /*!*/);--un-border-spacing-x:0;--un-border-spacing-y:0;--un-ring-offset-shadow:0 0 #0000;--un-ring-shadow:0 0 #0000;--un-shadow-inset:var(--un-empty,/*!*/ /*!*/);--un-shadow:0 0 #0000;--un-ring-inset:var(--un-empty,/*!*/ /*!*/);--un-ring-offset-width:0px;--un-ring-offset-color:#fff;--un-ring-width:0px;--un-ring-color:rgba(147,197,253,0.5);--un-blur:var(--un-empty,/*!*/ /*!*/);--un-brightness:var(--un-empty,/*!*/ /*!*/);--un-contrast:var(--un-empty,/*!*/ /*!*/);--un-drop-shadow:var(--un-empty,/*!*/ /*!*/);--un-grayscale:var(--un-empty,/*!*/ /*!*/);--un-hue-rotate:var(--un-empty,/*!*/ /*!*/);--un-invert:var(--un-empty,/*!*/ /*!*/);--un-saturate:var(--un-empty,/*!*/ /*!*/);--un-sepia:var(--un-empty,/*!*/ /*!*/);--un-backdrop-blur:var(--un-empty,/*!*/ /*!*/);--un-backdrop-brightness:var(--un-empty,/*!*/ /*!*/);--un-backdrop-contrast:var(--un-empty,/*!*/ /*!*/);--un-backdrop-grayscale:var(--un-empty,/*!*/ /*!*/);--un-backdrop-hue-rotate:var(--un-empty,/*!*/ /*!*/);--un-backdrop-invert:var(--un-empty,/*!*/ /*!*/);--un-backdrop-opacity:var(--un-empty,/*!*/ /*!*/);--un-backdrop-saturate:var(--un-empty,/*!*/ /*!*/);--un-backdrop-sepia:var(--un-empty,/*!*/ /*!*/);}
/* layer: default */
m-1{margin:0.25rem;}
flex{display:flex;}
scale-2{--un-scale-x:0.02;--un-scale-y:0.02;transform:translateX(var(--un-translate-x)) translateY(var(--un-translate-y)) translateZ(var(--un-translate-z)) rotate(var(--un-rotate)) rotateX(var(--un-rotate-x)) rotateY(var(--un-rotate-y)) rotateZ(var(--un-rotate-z)) skewX(var(--un-skew-x)) skewY(var(--un-skew-y)) scaleX(var(--un-scale-x)) scaleY(var(--un-scale-y)) scaleZ(var(--un-scale-z));}
.p2{padding:0.5rem;}
hover\\\\:color-red:hover,
text-red{--un-text-opacity:1;color:rgba(248,113,113,var(--un-text-opacity));}
text-green5\\\\:10{color:rgba(34,197,94,0.1);}
shadow-xl{--un-shadow:var(--un-shadow-inset) 0 20px 25px -5px var(--un-shadow-color, rgba(0,0,0,0.1)),var(--un-shadow-inset) 0 8px 10px -6px var(--un-shadow-color, rgba(0,0,0,0.1));box-shadow:var(--un-ring-offset-shadow, 0 0 #0000), var(--un-ring-shadow, 0 0 #0000), var(--un-shadow);}"
`;

exports[`runtime auto prefixer > using autoprefixer 1`] = `
"/* layer: default */
.\\\\[--vars\\\\:value\\\\]{--vars:value;}
.\\\\[-vars\\\\:value\\\\],
.\\\\[vars\\\\:value\\\\]{-webkit-vars:value;}
.\\\\[filter\\\\:none\\\\]{-webkit-filter:none;}
.\\\\[hyphens\\\\:none\\\\]{-ms-hyphens:none;}
.\\\\[non-hyphens\\\\:none\\\\]{non-hyphens:none;}
.\\\\[perspective\\\\:0\\\\]{-webkit-perspective:0;}
.perspect-1px{-webkit-perspective:1px;}
.hyphens-auto{-webkit-hyphens:auto;-ms-hyphens:auto;}
.filter{-webkit-filter:var(--un-blur) var(--un-brightness) var(--un-contrast) var(--un-drop-shadow) var(--un-grayscale) var(--un-hue-rotate) var(--un-invert) var(--un-saturate) var(--un-sepia);}"
`;

exports[`runtime auto prefixer > without autoprefixer 1`] = `
"/* layer: default */
.\\\\[--vars\\\\:value\\\\]{--vars:value;}
.\\\\[-vars\\\\:value\\\\]{-vars:value;}
.\\\\[filter\\\\:none\\\\]{filter:none;}
.\\\\[hyphens\\\\:none\\\\]{hyphens:none;}
.\\\\[non-hyphens\\\\:none\\\\]{non-hyphens:none;}
.\\\\[perspective\\\\:0\\\\]{perspective:0;}
.\\\\[vars\\\\:value\\\\]{vars:value;}
.perspect-1px{-webkit-perspective:1px;perspective:1px;}
.hyphens-auto{-webkit-hyphens:auto;-ms-hyphens:auto;hyphens:auto;}
.filter{filter:var(--un-blur) var(--un-brightness) var(--un-contrast) var(--un-drop-shadow) var(--un-grayscale) var(--un-hue-rotate) var(--un-invert) var(--un-saturate) var(--un-sepia);}"
`;
