// Vitest Snapshot v1

exports[`shortcuts > animate 1`] = `
"/* layer: preflights */
*,::before,::after{--un-rotate:0;--un-rotate-x:0;--un-rotate-y:0;--un-rotate-z:0;--un-scale-x:1;--un-scale-y:1;--un-scale-z:1;--un-skew-x:0;--un-skew-y:0;--un-translate-x:0;--un-translate-y:0;--un-translate-z:0;--un-transform:translateX(var(--un-translate-x)) translateY(var(--un-translate-y)) translateZ(var(--un-translate-z)) rotate(var(--un-rotate)) rotateX(var(--un-rotate-x)) rotateY(var(--un-rotate-y)) rotateZ(var(--un-rotate-z)) skewX(var(--un-skew-x)) skewY(var(--un-skew-y)) scaleX(var(--un-scale-x)) scaleY(var(--un-scale-y)) scaleZ(var(--un-scale-z));--un-pan-x:var(--un-empty,/*!*/ /*!*/);--un-pan-y:var(--un-empty,/*!*/ /*!*/);--un-pinch-zoom:var(--un-empty,/*!*/ /*!*/);--un-touch-action:var(--un-pan-x) var(--un-pan-y) var(--un-pinch-zoom);--un-scroll-snap-strictness:proximity;--un-ordinal:var(--un-empty,/*!*/ /*!*/);--un-slashed-zero:var(--un-empty,/*!*/ /*!*/);--un-numeric-figure:var(--un-empty,/*!*/ /*!*/);--un-numeric-spacing:var(--un-empty,/*!*/ /*!*/);--un-numeric-fraction:var(--un-empty,/*!*/ /*!*/);--un-font-variant-numeric:var(--un-ordinal) var(--un-slashed-zero) var(--un-numeric-figure) var(--un-numeric-spacing) var(--un-numeric-fraction);--un-border-spacing-x:0;--un-border-spacing-y:0;--un-ring-offset-shadow:0 0 #0000;--un-ring-shadow:0 0 #0000;--un-shadow-inset:var(--un-empty,/*!*/ /*!*/);--un-shadow:0 0 #0000;--un-ring-inset:var(--un-empty,/*!*/ /*!*/);--un-ring-offset-width:0px;--un-ring-offset-color:#fff;--un-ring-width:0px;--un-ring-color:rgba(147,197,253,0.5);--un-blur:var(--un-empty,/*!*/ /*!*/);--un-brightness:var(--un-empty,/*!*/ /*!*/);--un-contrast:var(--un-empty,/*!*/ /*!*/);--un-drop-shadow:var(--un-empty,/*!*/ /*!*/);--un-grayscale:var(--un-empty,/*!*/ /*!*/);--un-hue-rotate:var(--un-empty,/*!*/ /*!*/);--un-invert:var(--un-empty,/*!*/ /*!*/);--un-saturate:var(--un-empty,/*!*/ /*!*/);--un-sepia:var(--un-empty,/*!*/ /*!*/);--un-filter:var(--un-blur) var(--un-brightness) var(--un-contrast) var(--un-drop-shadow) var(--un-grayscale) var(--un-hue-rotate) var(--un-invert) var(--un-saturate) var(--un-sepia);--un-backdrop-blur:var(--un-empty,/*!*/ /*!*/);--un-backdrop-brightness:var(--un-empty,/*!*/ /*!*/);--un-backdrop-contrast:var(--un-empty,/*!*/ /*!*/);--un-backdrop-grayscale:var(--un-empty,/*!*/ /*!*/);--un-backdrop-hue-rotate:var(--un-empty,/*!*/ /*!*/);--un-backdrop-invert:var(--un-empty,/*!*/ /*!*/);--un-backdrop-opacity:var(--un-empty,/*!*/ /*!*/);--un-backdrop-saturate:var(--un-empty,/*!*/ /*!*/);--un-backdrop-sepia:var(--un-empty,/*!*/ /*!*/);--un-backdrop-filter:var(--un-backdrop-blur) var(--un-backdrop-brightness) var(--un-backdrop-contrast) var(--un-backdrop-grayscale) var(--un-backdrop-hue-rotate) var(--un-backdrop-invert) var(--un-backdrop-opacity) var(--un-backdrop-saturate) var(--un-backdrop-sepia);}
/* layer: shortcuts */
.loading{transition-duration:1000ms;}
/* layer: default */
@keyframes spin{from{transform:rotate(0deg)}to{transform:rotate(360deg)}}
.loading{animation:spin 1s linear infinite;}"
`;

exports[`shortcuts > dynamic 1`] = `
"/* layer: preflights */
*,::before,::after{--un-rotate:0;--un-rotate-x:0;--un-rotate-y:0;--un-rotate-z:0;--un-scale-x:1;--un-scale-y:1;--un-scale-z:1;--un-skew-x:0;--un-skew-y:0;--un-translate-x:0;--un-translate-y:0;--un-translate-z:0;--un-transform:translateX(var(--un-translate-x)) translateY(var(--un-translate-y)) translateZ(var(--un-translate-z)) rotate(var(--un-rotate)) rotateX(var(--un-rotate-x)) rotateY(var(--un-rotate-y)) rotateZ(var(--un-rotate-z)) skewX(var(--un-skew-x)) skewY(var(--un-skew-y)) scaleX(var(--un-scale-x)) scaleY(var(--un-scale-y)) scaleZ(var(--un-scale-z));--un-pan-x:var(--un-empty,/*!*/ /*!*/);--un-pan-y:var(--un-empty,/*!*/ /*!*/);--un-pinch-zoom:var(--un-empty,/*!*/ /*!*/);--un-touch-action:var(--un-pan-x) var(--un-pan-y) var(--un-pinch-zoom);--un-scroll-snap-strictness:proximity;--un-ordinal:var(--un-empty,/*!*/ /*!*/);--un-slashed-zero:var(--un-empty,/*!*/ /*!*/);--un-numeric-figure:var(--un-empty,/*!*/ /*!*/);--un-numeric-spacing:var(--un-empty,/*!*/ /*!*/);--un-numeric-fraction:var(--un-empty,/*!*/ /*!*/);--un-font-variant-numeric:var(--un-ordinal) var(--un-slashed-zero) var(--un-numeric-figure) var(--un-numeric-spacing) var(--un-numeric-fraction);--un-border-spacing-x:0;--un-border-spacing-y:0;--un-ring-offset-shadow:0 0 #0000;--un-ring-shadow:0 0 #0000;--un-shadow-inset:var(--un-empty,/*!*/ /*!*/);--un-shadow:0 0 #0000;--un-ring-inset:var(--un-empty,/*!*/ /*!*/);--un-ring-offset-width:0px;--un-ring-offset-color:#fff;--un-ring-width:0px;--un-ring-color:rgba(147,197,253,0.5);--un-blur:var(--un-empty,/*!*/ /*!*/);--un-brightness:var(--un-empty,/*!*/ /*!*/);--un-contrast:var(--un-empty,/*!*/ /*!*/);--un-drop-shadow:var(--un-empty,/*!*/ /*!*/);--un-grayscale:var(--un-empty,/*!*/ /*!*/);--un-hue-rotate:var(--un-empty,/*!*/ /*!*/);--un-invert:var(--un-empty,/*!*/ /*!*/);--un-saturate:var(--un-empty,/*!*/ /*!*/);--un-sepia:var(--un-empty,/*!*/ /*!*/);--un-filter:var(--un-blur) var(--un-brightness) var(--un-contrast) var(--un-drop-shadow) var(--un-grayscale) var(--un-hue-rotate) var(--un-invert) var(--un-saturate) var(--un-sepia);--un-backdrop-blur:var(--un-empty,/*!*/ /*!*/);--un-backdrop-brightness:var(--un-empty,/*!*/ /*!*/);--un-backdrop-contrast:var(--un-empty,/*!*/ /*!*/);--un-backdrop-grayscale:var(--un-empty,/*!*/ /*!*/);--un-backdrop-hue-rotate:var(--un-empty,/*!*/ /*!*/);--un-backdrop-invert:var(--un-empty,/*!*/ /*!*/);--un-backdrop-opacity:var(--un-empty,/*!*/ /*!*/);--un-backdrop-saturate:var(--un-empty,/*!*/ /*!*/);--un-backdrop-sepia:var(--un-empty,/*!*/ /*!*/);--un-backdrop-filter:var(--un-backdrop-blur) var(--un-backdrop-brightness) var(--un-backdrop-contrast) var(--un-backdrop-grayscale) var(--un-backdrop-hue-rotate) var(--un-backdrop-invert) var(--un-backdrop-opacity) var(--un-backdrop-saturate) var(--un-backdrop-sepia);}
/* layer: shortcuts */
.button-1{padding-left:0.75rem;padding-right:0.75rem;padding-top:0.5rem;padding-bottom:0.5rem;}
.button-2{padding-left:1.5rem;padding-right:1.5rem;padding-top:1rem;padding-bottom:1rem;}"
`;

exports[`shortcuts > merge transform-duplicated 1`] = `
"/* layer: preflights */
*,
::before,
::after {
  --un-rotate: 0;
  --un-rotate-x: 0;
  --un-rotate-y: 0;
  --un-rotate-z: 0;
  --un-scale-x: 1;
  --un-scale-y: 1;
  --un-scale-z: 1;
  --un-skew-x: 0;
  --un-skew-y: 0;
  --un-translate-x: 0;
  --un-translate-y: 0;
  --un-translate-z: 0;
  --un-transform: translateX(var(--un-translate-x))
    translateY(var(--un-translate-y)) translateZ(var(--un-translate-z))
    rotate(var(--un-rotate)) rotateX(var(--un-rotate-x))
    rotateY(var(--un-rotate-y)) rotateZ(var(--un-rotate-z))
    skewX(var(--un-skew-x)) skewY(var(--un-skew-y)) scaleX(var(--un-scale-x))
    scaleY(var(--un-scale-y)) scaleZ(var(--un-scale-z));
  --un-pan-x: var(--un-empty, /*!*/ /*!*/);
  --un-pan-y: var(--un-empty, /*!*/ /*!*/);
  --un-pinch-zoom: var(--un-empty, /*!*/ /*!*/);
  --un-touch-action: var(--un-pan-x) var(--un-pan-y) var(--un-pinch-zoom);
  --un-scroll-snap-strictness: proximity;
  --un-ordinal: var(--un-empty, /*!*/ /*!*/);
  --un-slashed-zero: var(--un-empty, /*!*/ /*!*/);
  --un-numeric-figure: var(--un-empty, /*!*/ /*!*/);
  --un-numeric-spacing: var(--un-empty, /*!*/ /*!*/);
  --un-numeric-fraction: var(--un-empty, /*!*/ /*!*/);
  --un-font-variant-numeric: var(--un-ordinal) var(--un-slashed-zero)
    var(--un-numeric-figure) var(--un-numeric-spacing)
    var(--un-numeric-fraction);
  --un-border-spacing-x: 0;
  --un-border-spacing-y: 0;
  --un-ring-offset-shadow: 0 0 #0000;
  --un-ring-shadow: 0 0 #0000;
  --un-shadow-inset: var(--un-empty, /*!*/ /*!*/);
  --un-shadow: 0 0 #0000;
  --un-ring-inset: var(--un-empty, /*!*/ /*!*/);
  --un-ring-offset-width: 0px;
  --un-ring-offset-color: #fff;
  --un-ring-width: 0px;
  --un-ring-color: rgba(147, 197, 253, 0.5);
  --un-blur: var(--un-empty, /*!*/ /*!*/);
  --un-brightness: var(--un-empty, /*!*/ /*!*/);
  --un-contrast: var(--un-empty, /*!*/ /*!*/);
  --un-drop-shadow: var(--un-empty, /*!*/ /*!*/);
  --un-grayscale: var(--un-empty, /*!*/ /*!*/);
  --un-hue-rotate: var(--un-empty, /*!*/ /*!*/);
  --un-invert: var(--un-empty, /*!*/ /*!*/);
  --un-saturate: var(--un-empty, /*!*/ /*!*/);
  --un-sepia: var(--un-empty, /*!*/ /*!*/);
  --un-filter: var(--un-blur) var(--un-brightness) var(--un-contrast)
    var(--un-drop-shadow) var(--un-grayscale) var(--un-hue-rotate)
    var(--un-invert) var(--un-saturate) var(--un-sepia);
  --un-backdrop-blur: var(--un-empty, /*!*/ /*!*/);
  --un-backdrop-brightness: var(--un-empty, /*!*/ /*!*/);
  --un-backdrop-contrast: var(--un-empty, /*!*/ /*!*/);
  --un-backdrop-grayscale: var(--un-empty, /*!*/ /*!*/);
  --un-backdrop-hue-rotate: var(--un-empty, /*!*/ /*!*/);
  --un-backdrop-invert: var(--un-empty, /*!*/ /*!*/);
  --un-backdrop-opacity: var(--un-empty, /*!*/ /*!*/);
  --un-backdrop-saturate: var(--un-empty, /*!*/ /*!*/);
  --un-backdrop-sepia: var(--un-empty, /*!*/ /*!*/);
  --un-backdrop-filter: var(--un-backdrop-blur) var(--un-backdrop-brightness)
    var(--un-backdrop-contrast) var(--un-backdrop-grayscale)
    var(--un-backdrop-hue-rotate) var(--un-backdrop-invert)
    var(--un-backdrop-opacity) var(--un-backdrop-saturate)
    var(--un-backdrop-sepia);
}
/* layer: shortcuts */
.transform-duplicated {
  --un-translate-x: 0.25rem;
  transform: var(--un-transform);
  --un-translate-y: 0.5rem;
  --un-scale-x: 0.04;
  --un-scale-y: 0.04;
}
.transform-duplicated:hover {
  --un-scale-x: 0.02;
  --un-scale-y: 0.02;
  transform: var(--un-transform);
}
.transform-duplicated:active {
  --un-scale-x: 0.04;
  transform: var(--un-transform);
}
"
`;

exports[`shortcuts > nesting static 1`] = `
"/* layer: preflights */
*,::before,::after{--un-rotate:0;--un-rotate-x:0;--un-rotate-y:0;--un-rotate-z:0;--un-scale-x:1;--un-scale-y:1;--un-scale-z:1;--un-skew-x:0;--un-skew-y:0;--un-translate-x:0;--un-translate-y:0;--un-translate-z:0;--un-transform:translateX(var(--un-translate-x)) translateY(var(--un-translate-y)) translateZ(var(--un-translate-z)) rotate(var(--un-rotate)) rotateX(var(--un-rotate-x)) rotateY(var(--un-rotate-y)) rotateZ(var(--un-rotate-z)) skewX(var(--un-skew-x)) skewY(var(--un-skew-y)) scaleX(var(--un-scale-x)) scaleY(var(--un-scale-y)) scaleZ(var(--un-scale-z));--un-pan-x:var(--un-empty,/*!*/ /*!*/);--un-pan-y:var(--un-empty,/*!*/ /*!*/);--un-pinch-zoom:var(--un-empty,/*!*/ /*!*/);--un-touch-action:var(--un-pan-x) var(--un-pan-y) var(--un-pinch-zoom);--un-scroll-snap-strictness:proximity;--un-ordinal:var(--un-empty,/*!*/ /*!*/);--un-slashed-zero:var(--un-empty,/*!*/ /*!*/);--un-numeric-figure:var(--un-empty,/*!*/ /*!*/);--un-numeric-spacing:var(--un-empty,/*!*/ /*!*/);--un-numeric-fraction:var(--un-empty,/*!*/ /*!*/);--un-font-variant-numeric:var(--un-ordinal) var(--un-slashed-zero) var(--un-numeric-figure) var(--un-numeric-spacing) var(--un-numeric-fraction);--un-border-spacing-x:0;--un-border-spacing-y:0;--un-ring-offset-shadow:0 0 #0000;--un-ring-shadow:0 0 #0000;--un-shadow-inset:var(--un-empty,/*!*/ /*!*/);--un-shadow:0 0 #0000;--un-ring-inset:var(--un-empty,/*!*/ /*!*/);--un-ring-offset-width:0px;--un-ring-offset-color:#fff;--un-ring-width:0px;--un-ring-color:rgba(147,197,253,0.5);--un-blur:var(--un-empty,/*!*/ /*!*/);--un-brightness:var(--un-empty,/*!*/ /*!*/);--un-contrast:var(--un-empty,/*!*/ /*!*/);--un-drop-shadow:var(--un-empty,/*!*/ /*!*/);--un-grayscale:var(--un-empty,/*!*/ /*!*/);--un-hue-rotate:var(--un-empty,/*!*/ /*!*/);--un-invert:var(--un-empty,/*!*/ /*!*/);--un-saturate:var(--un-empty,/*!*/ /*!*/);--un-sepia:var(--un-empty,/*!*/ /*!*/);--un-filter:var(--un-blur) var(--un-brightness) var(--un-contrast) var(--un-drop-shadow) var(--un-grayscale) var(--un-hue-rotate) var(--un-invert) var(--un-saturate) var(--un-sepia);--un-backdrop-blur:var(--un-empty,/*!*/ /*!*/);--un-backdrop-brightness:var(--un-empty,/*!*/ /*!*/);--un-backdrop-contrast:var(--un-empty,/*!*/ /*!*/);--un-backdrop-grayscale:var(--un-empty,/*!*/ /*!*/);--un-backdrop-hue-rotate:var(--un-empty,/*!*/ /*!*/);--un-backdrop-invert:var(--un-empty,/*!*/ /*!*/);--un-backdrop-opacity:var(--un-empty,/*!*/ /*!*/);--un-backdrop-saturate:var(--un-empty,/*!*/ /*!*/);--un-backdrop-sepia:var(--un-empty,/*!*/ /*!*/);--un-backdrop-filter:var(--un-backdrop-blur) var(--un-backdrop-brightness) var(--un-backdrop-contrast) var(--un-backdrop-grayscale) var(--un-backdrop-hue-rotate) var(--un-backdrop-invert) var(--un-backdrop-opacity) var(--un-backdrop-saturate) var(--un-backdrop-sepia);}
/* layer: shortcuts */
.btn2{margin:0.75rem;margin-left:2.5rem;margin-right:2.5rem;padding-left:0.5rem;padding-right:0.5rem;padding-top:0.75rem;padding-bottom:0.75rem;}
.btn{margin-right:2.5rem;}
.btn1{margin-left:2.5rem;margin-right:2.5rem;}
@media (min-width: 640px){
.btn2{margin:0.5rem;}
}"
`;

exports[`shortcuts > no-merge 1`] = `
"/* layer: preflights */
*,::before,::after{--un-rotate:0;--un-rotate-x:0;--un-rotate-y:0;--un-rotate-z:0;--un-scale-x:1;--un-scale-y:1;--un-scale-z:1;--un-skew-x:0;--un-skew-y:0;--un-translate-x:0;--un-translate-y:0;--un-translate-z:0;--un-transform:translateX(var(--un-translate-x)) translateY(var(--un-translate-y)) translateZ(var(--un-translate-z)) rotate(var(--un-rotate)) rotateX(var(--un-rotate-x)) rotateY(var(--un-rotate-y)) rotateZ(var(--un-rotate-z)) skewX(var(--un-skew-x)) skewY(var(--un-skew-y)) scaleX(var(--un-scale-x)) scaleY(var(--un-scale-y)) scaleZ(var(--un-scale-z));--un-pan-x:var(--un-empty,/*!*/ /*!*/);--un-pan-y:var(--un-empty,/*!*/ /*!*/);--un-pinch-zoom:var(--un-empty,/*!*/ /*!*/);--un-touch-action:var(--un-pan-x) var(--un-pan-y) var(--un-pinch-zoom);--un-scroll-snap-strictness:proximity;--un-ordinal:var(--un-empty,/*!*/ /*!*/);--un-slashed-zero:var(--un-empty,/*!*/ /*!*/);--un-numeric-figure:var(--un-empty,/*!*/ /*!*/);--un-numeric-spacing:var(--un-empty,/*!*/ /*!*/);--un-numeric-fraction:var(--un-empty,/*!*/ /*!*/);--un-font-variant-numeric:var(--un-ordinal) var(--un-slashed-zero) var(--un-numeric-figure) var(--un-numeric-spacing) var(--un-numeric-fraction);--un-border-spacing-x:0;--un-border-spacing-y:0;--un-ring-offset-shadow:0 0 #0000;--un-ring-shadow:0 0 #0000;--un-shadow-inset:var(--un-empty,/*!*/ /*!*/);--un-shadow:0 0 #0000;--un-ring-inset:var(--un-empty,/*!*/ /*!*/);--un-ring-offset-width:0px;--un-ring-offset-color:#fff;--un-ring-width:0px;--un-ring-color:rgba(147,197,253,0.5);--un-blur:var(--un-empty,/*!*/ /*!*/);--un-brightness:var(--un-empty,/*!*/ /*!*/);--un-contrast:var(--un-empty,/*!*/ /*!*/);--un-drop-shadow:var(--un-empty,/*!*/ /*!*/);--un-grayscale:var(--un-empty,/*!*/ /*!*/);--un-hue-rotate:var(--un-empty,/*!*/ /*!*/);--un-invert:var(--un-empty,/*!*/ /*!*/);--un-saturate:var(--un-empty,/*!*/ /*!*/);--un-sepia:var(--un-empty,/*!*/ /*!*/);--un-filter:var(--un-blur) var(--un-brightness) var(--un-contrast) var(--un-drop-shadow) var(--un-grayscale) var(--un-hue-rotate) var(--un-invert) var(--un-saturate) var(--un-sepia);--un-backdrop-blur:var(--un-empty,/*!*/ /*!*/);--un-backdrop-brightness:var(--un-empty,/*!*/ /*!*/);--un-backdrop-contrast:var(--un-empty,/*!*/ /*!*/);--un-backdrop-grayscale:var(--un-empty,/*!*/ /*!*/);--un-backdrop-hue-rotate:var(--un-empty,/*!*/ /*!*/);--un-backdrop-invert:var(--un-empty,/*!*/ /*!*/);--un-backdrop-opacity:var(--un-empty,/*!*/ /*!*/);--un-backdrop-saturate:var(--un-empty,/*!*/ /*!*/);--un-backdrop-sepia:var(--un-empty,/*!*/ /*!*/);--un-backdrop-filter:var(--un-backdrop-blur) var(--un-backdrop-brightness) var(--un-backdrop-contrast) var(--un-backdrop-grayscale) var(--un-backdrop-hue-rotate) var(--un-backdrop-invert) var(--un-backdrop-opacity) var(--un-backdrop-saturate) var(--un-backdrop-sepia);}
/* layer: default */
.with-no-merge{no-merge:1;}
.with-no-merge,
.merge-candidate{merged:1;}"
`;

exports[`shortcuts > static 1`] = `
"/* layer: preflights */
*,::before,::after{--un-rotate:0;--un-rotate-x:0;--un-rotate-y:0;--un-rotate-z:0;--un-scale-x:1;--un-scale-y:1;--un-scale-z:1;--un-skew-x:0;--un-skew-y:0;--un-translate-x:0;--un-translate-y:0;--un-translate-z:0;--un-transform:translateX(var(--un-translate-x)) translateY(var(--un-translate-y)) translateZ(var(--un-translate-z)) rotate(var(--un-rotate)) rotateX(var(--un-rotate-x)) rotateY(var(--un-rotate-y)) rotateZ(var(--un-rotate-z)) skewX(var(--un-skew-x)) skewY(var(--un-skew-y)) scaleX(var(--un-scale-x)) scaleY(var(--un-scale-y)) scaleZ(var(--un-scale-z));--un-pan-x:var(--un-empty,/*!*/ /*!*/);--un-pan-y:var(--un-empty,/*!*/ /*!*/);--un-pinch-zoom:var(--un-empty,/*!*/ /*!*/);--un-touch-action:var(--un-pan-x) var(--un-pan-y) var(--un-pinch-zoom);--un-scroll-snap-strictness:proximity;--un-ordinal:var(--un-empty,/*!*/ /*!*/);--un-slashed-zero:var(--un-empty,/*!*/ /*!*/);--un-numeric-figure:var(--un-empty,/*!*/ /*!*/);--un-numeric-spacing:var(--un-empty,/*!*/ /*!*/);--un-numeric-fraction:var(--un-empty,/*!*/ /*!*/);--un-font-variant-numeric:var(--un-ordinal) var(--un-slashed-zero) var(--un-numeric-figure) var(--un-numeric-spacing) var(--un-numeric-fraction);--un-border-spacing-x:0;--un-border-spacing-y:0;--un-ring-offset-shadow:0 0 #0000;--un-ring-shadow:0 0 #0000;--un-shadow-inset:var(--un-empty,/*!*/ /*!*/);--un-shadow:0 0 #0000;--un-ring-inset:var(--un-empty,/*!*/ /*!*/);--un-ring-offset-width:0px;--un-ring-offset-color:#fff;--un-ring-width:0px;--un-ring-color:rgba(147,197,253,0.5);--un-blur:var(--un-empty,/*!*/ /*!*/);--un-brightness:var(--un-empty,/*!*/ /*!*/);--un-contrast:var(--un-empty,/*!*/ /*!*/);--un-drop-shadow:var(--un-empty,/*!*/ /*!*/);--un-grayscale:var(--un-empty,/*!*/ /*!*/);--un-hue-rotate:var(--un-empty,/*!*/ /*!*/);--un-invert:var(--un-empty,/*!*/ /*!*/);--un-saturate:var(--un-empty,/*!*/ /*!*/);--un-sepia:var(--un-empty,/*!*/ /*!*/);--un-filter:var(--un-blur) var(--un-brightness) var(--un-contrast) var(--un-drop-shadow) var(--un-grayscale) var(--un-hue-rotate) var(--un-invert) var(--un-saturate) var(--un-sepia);--un-backdrop-blur:var(--un-empty,/*!*/ /*!*/);--un-backdrop-brightness:var(--un-empty,/*!*/ /*!*/);--un-backdrop-contrast:var(--un-empty,/*!*/ /*!*/);--un-backdrop-grayscale:var(--un-empty,/*!*/ /*!*/);--un-backdrop-hue-rotate:var(--un-empty,/*!*/ /*!*/);--un-backdrop-invert:var(--un-empty,/*!*/ /*!*/);--un-backdrop-opacity:var(--un-empty,/*!*/ /*!*/);--un-backdrop-saturate:var(--un-empty,/*!*/ /*!*/);--un-backdrop-sepia:var(--un-empty,/*!*/ /*!*/);--un-backdrop-filter:var(--un-backdrop-blur) var(--un-backdrop-brightness) var(--un-backdrop-contrast) var(--un-backdrop-grayscale) var(--un-backdrop-hue-rotate) var(--un-backdrop-invert) var(--un-backdrop-opacity) var(--un-backdrop-saturate) var(--un-backdrop-sepia);}
/* layer: shortcuts */
.sh1{margin:0.75rem;padding-left:0.5rem;padding-right:0.5rem;padding-top:0.75rem;padding-bottom:0.75rem;}
.sh3{margin:0.75rem;}
.focus\\\\:sh2:focus,
.sh2{font-size:0.875rem;line-height:1.25rem;font-size:1.125rem;line-height:1.75rem;}
.focus\\\\:sh2:hover:focus,
.sh2:hover{font-size:1.125rem;line-height:1.75rem;}
@media (min-width: 640px){
.sh1,
.sh3{margin:0.5rem;}
}"
`;

exports[`shortcuts > variant order 1`] = `
"/* layer: preflights */
*,::before,::after{--un-rotate:0;--un-rotate-x:0;--un-rotate-y:0;--un-rotate-z:0;--un-scale-x:1;--un-scale-y:1;--un-scale-z:1;--un-skew-x:0;--un-skew-y:0;--un-translate-x:0;--un-translate-y:0;--un-translate-z:0;--un-transform:translateX(var(--un-translate-x)) translateY(var(--un-translate-y)) translateZ(var(--un-translate-z)) rotate(var(--un-rotate)) rotateX(var(--un-rotate-x)) rotateY(var(--un-rotate-y)) rotateZ(var(--un-rotate-z)) skewX(var(--un-skew-x)) skewY(var(--un-skew-y)) scaleX(var(--un-scale-x)) scaleY(var(--un-scale-y)) scaleZ(var(--un-scale-z));--un-pan-x:var(--un-empty,/*!*/ /*!*/);--un-pan-y:var(--un-empty,/*!*/ /*!*/);--un-pinch-zoom:var(--un-empty,/*!*/ /*!*/);--un-touch-action:var(--un-pan-x) var(--un-pan-y) var(--un-pinch-zoom);--un-scroll-snap-strictness:proximity;--un-ordinal:var(--un-empty,/*!*/ /*!*/);--un-slashed-zero:var(--un-empty,/*!*/ /*!*/);--un-numeric-figure:var(--un-empty,/*!*/ /*!*/);--un-numeric-spacing:var(--un-empty,/*!*/ /*!*/);--un-numeric-fraction:var(--un-empty,/*!*/ /*!*/);--un-font-variant-numeric:var(--un-ordinal) var(--un-slashed-zero) var(--un-numeric-figure) var(--un-numeric-spacing) var(--un-numeric-fraction);--un-border-spacing-x:0;--un-border-spacing-y:0;--un-ring-offset-shadow:0 0 #0000;--un-ring-shadow:0 0 #0000;--un-shadow-inset:var(--un-empty,/*!*/ /*!*/);--un-shadow:0 0 #0000;--un-ring-inset:var(--un-empty,/*!*/ /*!*/);--un-ring-offset-width:0px;--un-ring-offset-color:#fff;--un-ring-width:0px;--un-ring-color:rgba(147,197,253,0.5);--un-blur:var(--un-empty,/*!*/ /*!*/);--un-brightness:var(--un-empty,/*!*/ /*!*/);--un-contrast:var(--un-empty,/*!*/ /*!*/);--un-drop-shadow:var(--un-empty,/*!*/ /*!*/);--un-grayscale:var(--un-empty,/*!*/ /*!*/);--un-hue-rotate:var(--un-empty,/*!*/ /*!*/);--un-invert:var(--un-empty,/*!*/ /*!*/);--un-saturate:var(--un-empty,/*!*/ /*!*/);--un-sepia:var(--un-empty,/*!*/ /*!*/);--un-filter:var(--un-blur) var(--un-brightness) var(--un-contrast) var(--un-drop-shadow) var(--un-grayscale) var(--un-hue-rotate) var(--un-invert) var(--un-saturate) var(--un-sepia);--un-backdrop-blur:var(--un-empty,/*!*/ /*!*/);--un-backdrop-brightness:var(--un-empty,/*!*/ /*!*/);--un-backdrop-contrast:var(--un-empty,/*!*/ /*!*/);--un-backdrop-grayscale:var(--un-empty,/*!*/ /*!*/);--un-backdrop-hue-rotate:var(--un-empty,/*!*/ /*!*/);--un-backdrop-invert:var(--un-empty,/*!*/ /*!*/);--un-backdrop-opacity:var(--un-empty,/*!*/ /*!*/);--un-backdrop-saturate:var(--un-empty,/*!*/ /*!*/);--un-backdrop-sepia:var(--un-empty,/*!*/ /*!*/);--un-backdrop-filter:var(--un-backdrop-blur) var(--un-backdrop-brightness) var(--un-backdrop-contrast) var(--un-backdrop-grayscale) var(--un-backdrop-hue-rotate) var(--un-backdrop-invert) var(--un-backdrop-opacity) var(--un-backdrop-saturate) var(--un-backdrop-sepia);}
/* layer: shortcuts */
.shortcut-hover-active-1:focus,
.shortcut-hover-active-1:hover,
.shortcut-hover-active-1:active{--un-bg-opacity:1;background-color:rgba(134,239,172,var(--un-bg-opacity));}"
`;

exports[`shortcuts > variant order 2`] = `
"/* layer: preflights */
*,::before,::after{--un-rotate:0;--un-rotate-x:0;--un-rotate-y:0;--un-rotate-z:0;--un-scale-x:1;--un-scale-y:1;--un-scale-z:1;--un-skew-x:0;--un-skew-y:0;--un-translate-x:0;--un-translate-y:0;--un-translate-z:0;--un-transform:translateX(var(--un-translate-x)) translateY(var(--un-translate-y)) translateZ(var(--un-translate-z)) rotate(var(--un-rotate)) rotateX(var(--un-rotate-x)) rotateY(var(--un-rotate-y)) rotateZ(var(--un-rotate-z)) skewX(var(--un-skew-x)) skewY(var(--un-skew-y)) scaleX(var(--un-scale-x)) scaleY(var(--un-scale-y)) scaleZ(var(--un-scale-z));--un-pan-x:var(--un-empty,/*!*/ /*!*/);--un-pan-y:var(--un-empty,/*!*/ /*!*/);--un-pinch-zoom:var(--un-empty,/*!*/ /*!*/);--un-touch-action:var(--un-pan-x) var(--un-pan-y) var(--un-pinch-zoom);--un-scroll-snap-strictness:proximity;--un-ordinal:var(--un-empty,/*!*/ /*!*/);--un-slashed-zero:var(--un-empty,/*!*/ /*!*/);--un-numeric-figure:var(--un-empty,/*!*/ /*!*/);--un-numeric-spacing:var(--un-empty,/*!*/ /*!*/);--un-numeric-fraction:var(--un-empty,/*!*/ /*!*/);--un-font-variant-numeric:var(--un-ordinal) var(--un-slashed-zero) var(--un-numeric-figure) var(--un-numeric-spacing) var(--un-numeric-fraction);--un-border-spacing-x:0;--un-border-spacing-y:0;--un-ring-offset-shadow:0 0 #0000;--un-ring-shadow:0 0 #0000;--un-shadow-inset:var(--un-empty,/*!*/ /*!*/);--un-shadow:0 0 #0000;--un-ring-inset:var(--un-empty,/*!*/ /*!*/);--un-ring-offset-width:0px;--un-ring-offset-color:#fff;--un-ring-width:0px;--un-ring-color:rgba(147,197,253,0.5);--un-blur:var(--un-empty,/*!*/ /*!*/);--un-brightness:var(--un-empty,/*!*/ /*!*/);--un-contrast:var(--un-empty,/*!*/ /*!*/);--un-drop-shadow:var(--un-empty,/*!*/ /*!*/);--un-grayscale:var(--un-empty,/*!*/ /*!*/);--un-hue-rotate:var(--un-empty,/*!*/ /*!*/);--un-invert:var(--un-empty,/*!*/ /*!*/);--un-saturate:var(--un-empty,/*!*/ /*!*/);--un-sepia:var(--un-empty,/*!*/ /*!*/);--un-filter:var(--un-blur) var(--un-brightness) var(--un-contrast) var(--un-drop-shadow) var(--un-grayscale) var(--un-hue-rotate) var(--un-invert) var(--un-saturate) var(--un-sepia);--un-backdrop-blur:var(--un-empty,/*!*/ /*!*/);--un-backdrop-brightness:var(--un-empty,/*!*/ /*!*/);--un-backdrop-contrast:var(--un-empty,/*!*/ /*!*/);--un-backdrop-grayscale:var(--un-empty,/*!*/ /*!*/);--un-backdrop-hue-rotate:var(--un-empty,/*!*/ /*!*/);--un-backdrop-invert:var(--un-empty,/*!*/ /*!*/);--un-backdrop-opacity:var(--un-empty,/*!*/ /*!*/);--un-backdrop-saturate:var(--un-empty,/*!*/ /*!*/);--un-backdrop-sepia:var(--un-empty,/*!*/ /*!*/);--un-backdrop-filter:var(--un-backdrop-blur) var(--un-backdrop-brightness) var(--un-backdrop-contrast) var(--un-backdrop-grayscale) var(--un-backdrop-hue-rotate) var(--un-backdrop-invert) var(--un-backdrop-opacity) var(--un-backdrop-saturate) var(--un-backdrop-sepia);}
/* layer: shortcuts */
.shortcut-hover-active-2:focus{--un-bg-opacity:1;background-color:rgba(252,165,165,var(--un-bg-opacity));}
.shortcut-hover-active-2:hover{--un-bg-opacity:1;background-color:rgba(253,224,71,var(--un-bg-opacity));}
.shortcut-hover-active-2:active{--un-bg-opacity:1;background-color:rgba(147,197,253,var(--un-bg-opacity));}"
`;

exports[`shortcuts > variant order 3`] = `
"/* layer: preflights */
*,::before,::after{--un-rotate:0;--un-rotate-x:0;--un-rotate-y:0;--un-rotate-z:0;--un-scale-x:1;--un-scale-y:1;--un-scale-z:1;--un-skew-x:0;--un-skew-y:0;--un-translate-x:0;--un-translate-y:0;--un-translate-z:0;--un-transform:translateX(var(--un-translate-x)) translateY(var(--un-translate-y)) translateZ(var(--un-translate-z)) rotate(var(--un-rotate)) rotateX(var(--un-rotate-x)) rotateY(var(--un-rotate-y)) rotateZ(var(--un-rotate-z)) skewX(var(--un-skew-x)) skewY(var(--un-skew-y)) scaleX(var(--un-scale-x)) scaleY(var(--un-scale-y)) scaleZ(var(--un-scale-z));--un-pan-x:var(--un-empty,/*!*/ /*!*/);--un-pan-y:var(--un-empty,/*!*/ /*!*/);--un-pinch-zoom:var(--un-empty,/*!*/ /*!*/);--un-touch-action:var(--un-pan-x) var(--un-pan-y) var(--un-pinch-zoom);--un-scroll-snap-strictness:proximity;--un-ordinal:var(--un-empty,/*!*/ /*!*/);--un-slashed-zero:var(--un-empty,/*!*/ /*!*/);--un-numeric-figure:var(--un-empty,/*!*/ /*!*/);--un-numeric-spacing:var(--un-empty,/*!*/ /*!*/);--un-numeric-fraction:var(--un-empty,/*!*/ /*!*/);--un-font-variant-numeric:var(--un-ordinal) var(--un-slashed-zero) var(--un-numeric-figure) var(--un-numeric-spacing) var(--un-numeric-fraction);--un-border-spacing-x:0;--un-border-spacing-y:0;--un-ring-offset-shadow:0 0 #0000;--un-ring-shadow:0 0 #0000;--un-shadow-inset:var(--un-empty,/*!*/ /*!*/);--un-shadow:0 0 #0000;--un-ring-inset:var(--un-empty,/*!*/ /*!*/);--un-ring-offset-width:0px;--un-ring-offset-color:#fff;--un-ring-width:0px;--un-ring-color:rgba(147,197,253,0.5);--un-blur:var(--un-empty,/*!*/ /*!*/);--un-brightness:var(--un-empty,/*!*/ /*!*/);--un-contrast:var(--un-empty,/*!*/ /*!*/);--un-drop-shadow:var(--un-empty,/*!*/ /*!*/);--un-grayscale:var(--un-empty,/*!*/ /*!*/);--un-hue-rotate:var(--un-empty,/*!*/ /*!*/);--un-invert:var(--un-empty,/*!*/ /*!*/);--un-saturate:var(--un-empty,/*!*/ /*!*/);--un-sepia:var(--un-empty,/*!*/ /*!*/);--un-filter:var(--un-blur) var(--un-brightness) var(--un-contrast) var(--un-drop-shadow) var(--un-grayscale) var(--un-hue-rotate) var(--un-invert) var(--un-saturate) var(--un-sepia);--un-backdrop-blur:var(--un-empty,/*!*/ /*!*/);--un-backdrop-brightness:var(--un-empty,/*!*/ /*!*/);--un-backdrop-contrast:var(--un-empty,/*!*/ /*!*/);--un-backdrop-grayscale:var(--un-empty,/*!*/ /*!*/);--un-backdrop-hue-rotate:var(--un-empty,/*!*/ /*!*/);--un-backdrop-invert:var(--un-empty,/*!*/ /*!*/);--un-backdrop-opacity:var(--un-empty,/*!*/ /*!*/);--un-backdrop-saturate:var(--un-empty,/*!*/ /*!*/);--un-backdrop-sepia:var(--un-empty,/*!*/ /*!*/);--un-backdrop-filter:var(--un-backdrop-blur) var(--un-backdrop-brightness) var(--un-backdrop-contrast) var(--un-backdrop-grayscale) var(--un-backdrop-hue-rotate) var(--un-backdrop-invert) var(--un-backdrop-opacity) var(--un-backdrop-saturate) var(--un-backdrop-sepia);}
/* layer: shortcuts */
.shortcut-hover-active-2:focus,
.uno-layer-shortcuts\\\\:bg-red-300{--un-bg-opacity:1;background-color:rgba(252,165,165,var(--un-bg-opacity));}
.shortcut-hover-active-2:hover{--un-bg-opacity:1;background-color:rgba(253,224,71,var(--un-bg-opacity));}
.shortcut-hover-active-2:active{--un-bg-opacity:1;background-color:rgba(147,197,253,var(--un-bg-opacity));}"
`;

exports[`shortcuts > variant order 4`] = `
"/* layer: preflights */
*,::before,::after{--un-rotate:0;--un-rotate-x:0;--un-rotate-y:0;--un-rotate-z:0;--un-scale-x:1;--un-scale-y:1;--un-scale-z:1;--un-skew-x:0;--un-skew-y:0;--un-translate-x:0;--un-translate-y:0;--un-translate-z:0;--un-transform:translateX(var(--un-translate-x)) translateY(var(--un-translate-y)) translateZ(var(--un-translate-z)) rotate(var(--un-rotate)) rotateX(var(--un-rotate-x)) rotateY(var(--un-rotate-y)) rotateZ(var(--un-rotate-z)) skewX(var(--un-skew-x)) skewY(var(--un-skew-y)) scaleX(var(--un-scale-x)) scaleY(var(--un-scale-y)) scaleZ(var(--un-scale-z));--un-pan-x:var(--un-empty,/*!*/ /*!*/);--un-pan-y:var(--un-empty,/*!*/ /*!*/);--un-pinch-zoom:var(--un-empty,/*!*/ /*!*/);--un-touch-action:var(--un-pan-x) var(--un-pan-y) var(--un-pinch-zoom);--un-scroll-snap-strictness:proximity;--un-ordinal:var(--un-empty,/*!*/ /*!*/);--un-slashed-zero:var(--un-empty,/*!*/ /*!*/);--un-numeric-figure:var(--un-empty,/*!*/ /*!*/);--un-numeric-spacing:var(--un-empty,/*!*/ /*!*/);--un-numeric-fraction:var(--un-empty,/*!*/ /*!*/);--un-font-variant-numeric:var(--un-ordinal) var(--un-slashed-zero) var(--un-numeric-figure) var(--un-numeric-spacing) var(--un-numeric-fraction);--un-border-spacing-x:0;--un-border-spacing-y:0;--un-ring-offset-shadow:0 0 #0000;--un-ring-shadow:0 0 #0000;--un-shadow-inset:var(--un-empty,/*!*/ /*!*/);--un-shadow:0 0 #0000;--un-ring-inset:var(--un-empty,/*!*/ /*!*/);--un-ring-offset-width:0px;--un-ring-offset-color:#fff;--un-ring-width:0px;--un-ring-color:rgba(147,197,253,0.5);--un-blur:var(--un-empty,/*!*/ /*!*/);--un-brightness:var(--un-empty,/*!*/ /*!*/);--un-contrast:var(--un-empty,/*!*/ /*!*/);--un-drop-shadow:var(--un-empty,/*!*/ /*!*/);--un-grayscale:var(--un-empty,/*!*/ /*!*/);--un-hue-rotate:var(--un-empty,/*!*/ /*!*/);--un-invert:var(--un-empty,/*!*/ /*!*/);--un-saturate:var(--un-empty,/*!*/ /*!*/);--un-sepia:var(--un-empty,/*!*/ /*!*/);--un-filter:var(--un-blur) var(--un-brightness) var(--un-contrast) var(--un-drop-shadow) var(--un-grayscale) var(--un-hue-rotate) var(--un-invert) var(--un-saturate) var(--un-sepia);--un-backdrop-blur:var(--un-empty,/*!*/ /*!*/);--un-backdrop-brightness:var(--un-empty,/*!*/ /*!*/);--un-backdrop-contrast:var(--un-empty,/*!*/ /*!*/);--un-backdrop-grayscale:var(--un-empty,/*!*/ /*!*/);--un-backdrop-hue-rotate:var(--un-empty,/*!*/ /*!*/);--un-backdrop-invert:var(--un-empty,/*!*/ /*!*/);--un-backdrop-opacity:var(--un-empty,/*!*/ /*!*/);--un-backdrop-saturate:var(--un-empty,/*!*/ /*!*/);--un-backdrop-sepia:var(--un-empty,/*!*/ /*!*/);--un-backdrop-filter:var(--un-backdrop-blur) var(--un-backdrop-brightness) var(--un-backdrop-contrast) var(--un-backdrop-grayscale) var(--un-backdrop-hue-rotate) var(--un-backdrop-invert) var(--un-backdrop-opacity) var(--un-backdrop-saturate) var(--un-backdrop-sepia);}
/* layer: shortcuts */
.shortcut-hover-active-2:focus{--un-bg-opacity:1;background-color:rgba(252,165,165,var(--un-bg-opacity));}
.shortcut-hover-active-2:hover,
.uno-layer-shortcuts\\\\:bg-yellow-300{--un-bg-opacity:1;background-color:rgba(253,224,71,var(--un-bg-opacity));}
.shortcut-hover-active-2:active{--un-bg-opacity:1;background-color:rgba(147,197,253,var(--un-bg-opacity));}"
`;

exports[`shortcuts > variant order 5`] = `
"/* layer: preflights */
*,::before,::after{--un-rotate:0;--un-rotate-x:0;--un-rotate-y:0;--un-rotate-z:0;--un-scale-x:1;--un-scale-y:1;--un-scale-z:1;--un-skew-x:0;--un-skew-y:0;--un-translate-x:0;--un-translate-y:0;--un-translate-z:0;--un-transform:translateX(var(--un-translate-x)) translateY(var(--un-translate-y)) translateZ(var(--un-translate-z)) rotate(var(--un-rotate)) rotateX(var(--un-rotate-x)) rotateY(var(--un-rotate-y)) rotateZ(var(--un-rotate-z)) skewX(var(--un-skew-x)) skewY(var(--un-skew-y)) scaleX(var(--un-scale-x)) scaleY(var(--un-scale-y)) scaleZ(var(--un-scale-z));--un-pan-x:var(--un-empty,/*!*/ /*!*/);--un-pan-y:var(--un-empty,/*!*/ /*!*/);--un-pinch-zoom:var(--un-empty,/*!*/ /*!*/);--un-touch-action:var(--un-pan-x) var(--un-pan-y) var(--un-pinch-zoom);--un-scroll-snap-strictness:proximity;--un-ordinal:var(--un-empty,/*!*/ /*!*/);--un-slashed-zero:var(--un-empty,/*!*/ /*!*/);--un-numeric-figure:var(--un-empty,/*!*/ /*!*/);--un-numeric-spacing:var(--un-empty,/*!*/ /*!*/);--un-numeric-fraction:var(--un-empty,/*!*/ /*!*/);--un-font-variant-numeric:var(--un-ordinal) var(--un-slashed-zero) var(--un-numeric-figure) var(--un-numeric-spacing) var(--un-numeric-fraction);--un-border-spacing-x:0;--un-border-spacing-y:0;--un-ring-offset-shadow:0 0 #0000;--un-ring-shadow:0 0 #0000;--un-shadow-inset:var(--un-empty,/*!*/ /*!*/);--un-shadow:0 0 #0000;--un-ring-inset:var(--un-empty,/*!*/ /*!*/);--un-ring-offset-width:0px;--un-ring-offset-color:#fff;--un-ring-width:0px;--un-ring-color:rgba(147,197,253,0.5);--un-blur:var(--un-empty,/*!*/ /*!*/);--un-brightness:var(--un-empty,/*!*/ /*!*/);--un-contrast:var(--un-empty,/*!*/ /*!*/);--un-drop-shadow:var(--un-empty,/*!*/ /*!*/);--un-grayscale:var(--un-empty,/*!*/ /*!*/);--un-hue-rotate:var(--un-empty,/*!*/ /*!*/);--un-invert:var(--un-empty,/*!*/ /*!*/);--un-saturate:var(--un-empty,/*!*/ /*!*/);--un-sepia:var(--un-empty,/*!*/ /*!*/);--un-filter:var(--un-blur) var(--un-brightness) var(--un-contrast) var(--un-drop-shadow) var(--un-grayscale) var(--un-hue-rotate) var(--un-invert) var(--un-saturate) var(--un-sepia);--un-backdrop-blur:var(--un-empty,/*!*/ /*!*/);--un-backdrop-brightness:var(--un-empty,/*!*/ /*!*/);--un-backdrop-contrast:var(--un-empty,/*!*/ /*!*/);--un-backdrop-grayscale:var(--un-empty,/*!*/ /*!*/);--un-backdrop-hue-rotate:var(--un-empty,/*!*/ /*!*/);--un-backdrop-invert:var(--un-empty,/*!*/ /*!*/);--un-backdrop-opacity:var(--un-empty,/*!*/ /*!*/);--un-backdrop-saturate:var(--un-empty,/*!*/ /*!*/);--un-backdrop-sepia:var(--un-empty,/*!*/ /*!*/);--un-backdrop-filter:var(--un-backdrop-blur) var(--un-backdrop-brightness) var(--un-backdrop-contrast) var(--un-backdrop-grayscale) var(--un-backdrop-hue-rotate) var(--un-backdrop-invert) var(--un-backdrop-opacity) var(--un-backdrop-saturate) var(--un-backdrop-sepia);}
/* layer: shortcuts */
.shortcut-hover-active-2:focus{--un-bg-opacity:1;background-color:rgba(252,165,165,var(--un-bg-opacity));}
.shortcut-hover-active-2:hover{--un-bg-opacity:1;background-color:rgba(253,224,71,var(--un-bg-opacity));}
.uno-layer-shortcuts\\\\:bg-blue-300,
.shortcut-hover-active-2:active{--un-bg-opacity:1;background-color:rgba(147,197,253,var(--un-bg-opacity));}"
`;
