// Vitest Snapshot v1

exports[`transformer-typography > basic 1`] = `
{
  "code": "
    <div class=\\"prose\\">
      <p>Foo</p>
    </div>
    ",
  "css": "/* layer: preflights */
*,::before,::after{--un-rotate:0;--un-rotate-x:0;--un-rotate-y:0;--un-rotate-z:0;--un-scale-x:1;--un-scale-y:1;--un-scale-z:1;--un-skew-x:0;--un-skew-y:0;--un-translate-x:0;--un-translate-y:0;--un-translate-z:0;--un-pan-x:var(--un-empty,/*!*/ /*!*/);--un-pan-y:var(--un-empty,/*!*/ /*!*/);--un-pinch-zoom:var(--un-empty,/*!*/ /*!*/);--un-scroll-snap-strictness:proximity;--un-ordinal:var(--un-empty,/*!*/ /*!*/);--un-slashed-zero:var(--un-empty,/*!*/ /*!*/);--un-numeric-figure:var(--un-empty,/*!*/ /*!*/);--un-numeric-spacing:var(--un-empty,/*!*/ /*!*/);--un-numeric-fraction:var(--un-empty,/*!*/ /*!*/);--un-border-spacing-x:0;--un-border-spacing-y:0;--un-ring-offset-shadow:0 0 #0000;--un-ring-shadow:0 0 #0000;--un-shadow-inset:var(--un-empty,/*!*/ /*!*/);--un-shadow:0 0 #0000;--un-ring-inset:var(--un-empty,/*!*/ /*!*/);--un-ring-offset-width:0px;--un-ring-offset-color:#fff;--un-ring-width:0px;--un-ring-color:rgba(147,197,253,0.5);--un-blur:var(--un-empty,/*!*/ /*!*/);--un-brightness:var(--un-empty,/*!*/ /*!*/);--un-contrast:var(--un-empty,/*!*/ /*!*/);--un-drop-shadow:var(--un-empty,/*!*/ /*!*/);--un-grayscale:var(--un-empty,/*!*/ /*!*/);--un-hue-rotate:var(--un-empty,/*!*/ /*!*/);--un-invert:var(--un-empty,/*!*/ /*!*/);--un-saturate:var(--un-empty,/*!*/ /*!*/);--un-sepia:var(--un-empty,/*!*/ /*!*/);--un-backdrop-blur:var(--un-empty,/*!*/ /*!*/);--un-backdrop-brightness:var(--un-empty,/*!*/ /*!*/);--un-backdrop-contrast:var(--un-empty,/*!*/ /*!*/);--un-backdrop-grayscale:var(--un-empty,/*!*/ /*!*/);--un-backdrop-hue-rotate:var(--un-empty,/*!*/ /*!*/);--un-backdrop-invert:var(--un-empty,/*!*/ /*!*/);--un-backdrop-opacity:var(--un-empty,/*!*/ /*!*/);--un-backdrop-saturate:var(--un-empty,/*!*/ /*!*/);--un-backdrop-sepia:var(--un-empty,/*!*/ /*!*/);}
/* layer: typography */

.prose p{font-family:ui-sans-serif,system-ui,-apple-system,BlinkMacSystemFont,\\"Segoe UI\\",Roboto,\\"Helvetica Neue\\",Arial,\\"Noto Sans\\",sans-serif,\\"Apple Color Emoji\\",\\"Segoe UI Emoji\\",\\"Segoe UI Symbol\\",\\"Noto Color Emoji\\";--un-text-opacity:1;color:rgba(31,41,55,var(--un-text-opacity));}
.prose blockquote ul li code{font-size:0.875rem;line-height:1.25rem;--un-bg-opacity:1;background-color:rgba(246,246,246,var(--un-bg-opacity));padding-left:0.5rem;padding-right:0.5rem;padding-top:0.25rem;padding-bottom:0.25rem;border-radius:0.25rem;}
@media (min-width: 1024px){.prose blockquote ul li code{font-size:1rem;line-height:1.5rem;}}",
}
`;
